// Jest Snapshot v1, https://goo.gl/fbAQLP

exports[`insights crossingMarketInsightDirections should remain consistent 1`] = `undefined`;

exports[`insights marketIndices should remain consistent 1`] = `
Array [
  Object {
    "symbol": "DIA",
  },
  Object {
    "symbol": "IWM",
  },
  Object {
    "symbol": "QQQ",
  },
  Object {
    "symbol": "SPY",
  },
]
`;

exports[`insights sectorIndices should remain consistent 1`] = `
Array [
  Object {
    "symbol": "XLB",
  },
  Object {
    "symbol": "XLC",
  },
  Object {
    "symbol": "XLE",
  },
  Object {
    "symbol": "XLF",
  },
  Object {
    "symbol": "XLI",
  },
  Object {
    "symbol": "XLK",
  },
  Object {
    "symbol": "XLP",
  },
  Object {
    "symbol": "XLRE",
  },
  Object {
    "symbol": "XLU",
  },
  Object {
    "symbol": "XLV",
  },
  Object {
    "symbol": "XLY",
  },
]
`;
