// Jest Snapshot v1, https://goo.gl/fbAQLP

exports[`jobs cleanPeriods should remain consistent 1`] = `
Object {
  "1D": 86400,
}
`;

exports[`jobs queueNames should remain consistent 1`] = `
Object {
  "calculateDerivedSecurityMetrics": "calculateDerivedSecurityMetrics",
  "calculateEEONPerformanceScores": "calculateEEONPerformanceScores",
  "calculateMacroIndicators": "calculateMacroIndicators",
  "calculateMarketInsights": "calculateMarketInsights",
  "calculateSecurityInsights": "calculateSecurityInsights",
  "collectFinancialStatementsUponEarnings": "collectFinancialStatementsUponEarnings",
  "primeCache": "primeCache",
  "runPreMarketJobs": "runPreMarketJobs",
  "sendRealtimeSecurities": "sendRealtimeSecurities",
  "sendUserSecurityAlertMessages": "sendUserSecurityAlertMessages",
  "triggerUserSecurityAlerts": "triggerUserSecurityAlerts",
}
`;

exports[`jobs timezone should remain consistent 1`] = `"America/New_York"`;
